"Young Volcanoes",Fall Out Boy
"You Found Me",The Fray
"You'll Think Of Me",Keith Urban
"You're Not Sorry",Taylor Swift
"Zombie",The Cranberries
