Song title
"10000 Reasons (Bless the Lord)"
"20 Good Reasons"
"Adore You"
"Africa"
